"tf\reslists\engine.lst"
"tf\reslists\all.lst"
"tf\cfg\config.cfg"
"tf\gameinfo.txt"
"hl2\media\startupvids.txt"
"hl2\scripts\chapterbackgrounds.txt"
"tf\materials\console\background01.vtf"
"hl2\materials\console\startup_loading.vtf"
"bin\dxsupport.cfg"
"hl2\materials\vgui\black.vtf"
"hl2\materials\engine\normalizedrandomdirections2d.vtf"
"tf\SAVE"
"hl2\resource\serverevents.res"
"hl2\resource\gameevents.res"
"tf\resource\modevents.res"
"tf\scripts\surfaceproperties_manifest.txt"
"hl2\scripts\surfaceproperties.txt"
"hl2\scripts\surfaceproperties_hl2.txt"
"tf\scripts\surfaceproperties_tf.txt"
"hl2\resource\hltvevents.res"
"hl2\scripts\global_actors.txt"
"tf\scripts\game_sounds_manifest.txt"
"tf\scripts\game_sounds.txt"
"tf\scripts\game_sounds_physics.txt"
"tf\scripts\game_sounds_weapons.txt"
"tf\scripts\game_sounds_player.txt"
"tf\scripts\objects.txt"
"hl2\scripts\achievement_ids.txt"
"hl2\scripts\decals_subrect.txt"
"hl2\expressions\phonemes.vfe"
"hl2\expressions\phonemes_weak.vfe"
"hl2\expressions\phonemes_strong.vfe"
"hl2\scripts\talker\response_rules.txt"
"hl2\scripts\talker\interjections.txt"
"hl2\scripts\talker\npc_combine.txt"
"hl2\scripts\talker\response_k_lab.txt"
"hl2\scripts\talker\response_eli_lab.txt"
"hl2\scripts\talker\npc_vortigaunt.txt"
"hl2\scripts\talker\npc_citizen.txt"
"hl2\scripts\talker\npc_citizen_commandermode.txt"
"hl2\scripts\talker\npc_citizen_terminal.txt"
"hl2\scripts\talker\npc_citizen_tenement.txt"
"hl2\scripts\talker\npc_citizen_coast.txt"
"hl2\scripts\talker\npc_citizen_canals.txt"
"hl2\scripts\talker\npc_citizen_c17.txt"
"hl2\scripts\talker\npc_grigori.txt"
"hl2\scripts\talker\npc_barney.txt"
"hl2\scripts\talker\npc_alyx.txt"
"tf\scripts\soundscapes_manifest.txt"
"tf\scripts\soundscapes.txt"
"tf\scripts\soundscapes_2fort.txt"
"tf\scripts\soundscapes_dustbowl.txt"
"tf\scripts\soundscapes_well.txt"
"tf\scripts\soundscapes_badlands.txt"
"tf\console.log"
"tf\gamestats.log"
"tf\scene.cache"
"hl2\scenes\canals"
"hl2\scenes\coast\barn\female01"
"hl2\scenes\coast\barn\male01"
"hl2\scenes\coast\bugbait"
"hl2\scenes\coast\odessa\female01"
"hl2\scenes\coast\odessa"
"hl2\scenes\coast\odessa\male01"
"hl2\scenes\eli_lab"
"hl2\scenes\jake"
"hl2\scenes\k_lab"
"hl2\scenes\npc\alyx"
"hl2\scenes\npc\barney"
"hl2\scenes\npc\female01"
"hl2\scenes\npc\male01"
"hl2\scenes\npc\vortigaunt"
"hl2\scenes\ravenholm"
"hl2\scenes\streetwar\nexus"
"hl2\scenes\streetwar\sniper"
"hl2\scenes\streetwar\tunnel\male01"
"hl2\scenes\trainyard"
"hl2\scenes\trainyard\female01"
"hl2\scenes\trainyard\male01"
"tf\modelsounds.cache"
"tf\models\buildables"
"tf\models\effects"
"hl2\models\effects"
"tf\models\effects\sentry1_muzzle"
"hl2\models\gibs"
"tf\models\items"
"hl2\models\items"
"tf\models\player"
"tf\models\player\gibs"
"hl2\models\props_debris"
"tf\models\props_gameplay"
"tf\models\weapons\shells"
"tf\models\weapons\v_models"
"tf\models\weapons\w_models"
"hl2\navplace.db"
"hl2\materials\debug\debugempty.vmt"
"hl2\materials\debug\debugwireframe.vmt"
"hl2\materials\debug\debugtranslucentsinglecolor.vmt"
"hl2\materials\debug\debugtranslucentvertexcolor.vmt"
"hl2\materials\debug\debugworldwireframe.vmt"
"hl2\materials\debug\debugworldwireframezbuffer.vmt"
"hl2\materials\debug\debugbrushwireframe.vmt"
"hl2\materials\debug\debugdecalwireframe.vmt"
"hl2\materials\debug\debuglightmap.vmt"
"hl2\materials\debug\debuglightmapzbuffer.vmt"
"hl2\materials\debug\debugluxels.vmt"
"hl2\materials\debug\debugleafviswireframe.vmt"
"hl2\materials\debug\debugwireframevertexcolor.vmt"
"hl2\materials\debug\debugwireframevertexcolorignorez.vmt"
"hl2\materials\engine\lightsprite.vmt"
"hl2\materials\engine\shadowbuild.vmt"
"hl2\materials\debug\debugmrmwireframe.vmt"
"hl2\materials\debug\debugambientcube.vmt"
"hl2\materials\engine\writez.vmt"
"hl2\resource\sourcescheme.res"
"hl2\materials\vgui\fonts\buttons_32.vbf"
"hl2\scripts\debugoptions.txt"
"hl2\materials\vgui\hud\800corner1.vmt"
"hl2\materials\effects\flashlight001.vtf"
"hl2\materials\vgui\hud\800corner1.vtf"
"hl2\shaders\fxc\vertexlit_and_unlit_generic_vs20.vcs"
"hl2\shaders\fxc\vertexlit_and_unlit_generic_ps20b.vcs"
"hl2\materials\vgui\hud\800corner2.vmt"
"hl2\materials\vgui\hud\800corner2.vtf"
"hl2\materials\vgui\hud\800corner3.vmt"
"hl2\materials\vgui\hud\800corner3.vtf"
"hl2\materials\vgui\hud\800corner4.vmt"
"hl2\materials\vgui\hud\800corner4.vtf"
"hl2\resource\demouipanel.res"
"bin\bugreporter.dll"
"hl2\resource\buguipanel.res"
"hl2\resource\perfuipanel.res"
"hl2\resource\perfpropfadeuipanel.res"
"hl2\resource\perfocclusionuipanel.res"
"hl2\materials\vgui\resource\icon_hlicon1.vmt"
"hl2\materials\vgui\resource\icon_hlicon1.vtf"
"hl2\resource\lookupviewwindow.res"
"hl2\resource\coloroperationlistpanel.res"
"hl2\resource\colorcorrectionuipanel.res"
"hl2\resource\vprofpanel.res"
"hl2\materials\vgui\white.vmt"
"hl2\scripts\enginevguilayout.res"
"hl2\shaders\fxc\bufferclearobeystencil_vs20.vcs"
"hl2\shaders\fxc\bufferclearobeystencil_ps20b.vcs"
"hl2\shaders\fxc\fillrate_vs11.vcs"
"hl2\shaders\fxc\fillrate_ps11.vcs"
"hl2\shaders\fxc\unlitgeneric_vs20.vcs"
"hl2\shaders\fxc\unlitgeneric_ps11.vcs"
"hl2\shaders\fxc\debugdrawenvmapmask_vs20.vcs"
"hl2\shaders\fxc\debugdrawenvmapmask_ps20b.vcs"
"hl2\shaders\fxc\debugdrawdepth_vs20.vcs"
"hl2\shaders\fxc\debugdrawdepth_ps20b.vcs"
"hl2\shaders\fxc\depthwrite_vs20.vcs"
"hl2\shaders\fxc\depthwrite_ps20b.vcs"
"platform\materials\debug\debugmrmwireframe.vmt"
"platform\materials\debug\debugmrmwireframezbuffer.vmt"
"platform\materials\debug\debugmrmnormals.vmt"
"platform\materials\debug\debugvertexcolor.vmt"
"platform\materials\debug\debugtranslucentmodelhulls.vmt"
"platform\materials\debug\debugsolidmodelhulls.vmt"
"platform\materials\debug\additivevertexcolorvertexalpha.vmt"
"platform\materials\debug\debugmodelbones.vmt"
"platform\materials\debug\env_cubemap_model.vmt"
"platform\materials\debug\debugworldwireframe.vmt"
"hl2\materials\debug\debugempty.vtf"
"hl2\materials\dev\twenty.vtf"
"hl2\shaders\fxc\lightmappedgeneric_ps20b.vcs"
"hl2\shaders\fxc\lightmappedgeneric_vs20.vcs"
"hl2\shaders\fxc\lightmappedgeneric_flashlight_vs20.vcs"
"hl2\shaders\fxc\flashlight_ps20b.vcs"
"hl2\materials\debug\debugluxels.vtf"
"hl2\materials\engine\lightsprite.vtf"
"hl2\shaders\fxc\shadowbuildtexture_ps20b.vcs"
"hl2\shaders\fxc\writez_vs20.vcs"
"hl2\shaders\fxc\white_ps20b.vcs"
"hl2\resource\valve_english.txt"
"hl2\resource\gameui_english.txt"
"tf\resource\gamemenu.res"
"platform\config\ingamedialogconfig.vdf"
"platform\resource\platform_english.txt"
"platform\resource\vgui_english.txt"
"tf\resource\tf_english.txt"
"hl2\scripts\titles.txt"
"tf\particles\particles_manifest.txt"
"tf\particles\rockettrail.pcf"
"tf\materials\effects\smoke\smokelit.vmt"
"tf\materials\effects\smoke\smokelit.sht"
"tf\materials\effects\brightglow_y_nomodel.vmt"
"tf\particles\nailgrenadejet.pcf"
"tf\materials\effects\nailgrenadejet.vmt"
"tf\particles\smoke_blackbillow.pcf"
"tf\materials\effects\flamepuff.vmt"
"tf\materials\effects\flamepuff.sht"
"tf\particles\teleporter_charged.pcf"
"hl2\materials\sprites\tp_beam001.vmt"
"hl2\materials\sprites\physbeam.vtf"
"hl2\shaders\fxc\sprite_vs20.vcs"
"hl2\shaders\fxc\sprite_ps20b.vcs"
"tf\particles\explosion.pcf"
"tf\materials\particle\smoke1\smoke1.vmt"
"tf\materials\particle\smoke1\smoke1.sht"
"tf\materials\effects\explosion\topsprite256_cg0.vmt"
"tf\materials\effects\explosion\topsprite256_cg0.sht"
"tf\materials\particles\rockettrail\rockettrail.vmt"
"tf\materials\particles\rockettrail\rockettrail.sht"
"tf\particles\player_recent_teleport.pcf"
"tf\materials\effects\tp_effect1.vmt"
"tf\particles\fuse_spark.pcf"
"tf\particles\conc_warp.pcf"
"tf\materials\effects\conc_warp.vmt"
"tf\particles\rocketjumptrail.pcf"
"tf\particles\rocketbackblast.pcf"
"tf\particles\emp_shockwave.pcf"
"tf\materials\effects\emp_ball1.vmt"
"tf\materials\effects\emp_arc1.vmt"
"tf\particles\flamethrower.pcf"
"tf\materials\effects\pyroflame1\topsprite256_ac0.vmt"
"tf\materials\effects\pyroflame1\topsprite256_ac0.sht"
"tf\materials\effects\singleflame.vmt"
"tf\materials\effects\bubbles\bubble.vmt"
"tf\materials\effects\bubbles\bubble.sht"
"tf\materials\effects\softglow.vmt"
"tf\particles\incendiaryrockettrail.pcf"
"tf\particles\burningplayer.pcf"
"tf\materials\effects\pyroflame1\tinysidesprite256_ad0.vmt"
"tf\materials\effects\pyroflame1\tinysidesprite256_ad0.sht"
"tf\particles\blood_impact.pcf"
"tf\materials\particle\blood1\blood_goop3.vmt"
"tf\materials\particle\blood1\blood_goop3.sht"
"tf\materials\particle\particle_glow_03.vmt"
"tf\particles\conc_stars.pcf"
"tf\materials\effects\star001.vmt"
"tf\particles\tranq_sleepy.pcf"
"tf\materials\effects\sleepy001.vmt"
"tf\particles\spy_gasgrenade.pcf"
"tf\particles\blood_trail.pcf"
"tf\particles\sapper_spark.pcf"
"tf\particles\teleport_status.pcf"
"tf\materials\effects\tp_crescent.vmt"
"tf\particles\gas_poison.pcf"
"tf\materials\effects\skull001.vmt"
"tf\particles\muzzle_flash.pcf"
"tf\materials\effects\brightglow_y.vtf"
"tf\particles\teleported_fx.pcf"
"tf\particles\smoke_disappear.pcf"
"tf\particles\heal_grenade.pcf"
"tf\materials\effects\healsign.vmt"
"tf\particles\heal_ticker.pcf"
"tf\particles\fuse_napalmspark.pcf"
"tf\particles\cig_smoke.pcf"
"tf\materials\effects\cig_smoke.vmt"
"tf\particles\crit.pcf"
"tf\materials\effects\crit.vmt"
"tf\particles\medicgun_beam.pcf"
"tf\materials\effects\medicbeam_curl.vmt"
"tf\particles\water.pcf"
"tf\materials\effects\splash_cluster.vmt"
"tf\materials\effects\splash_droplet.vmt"
"tf\materials\effects\splash_ring1.vmt"
"tf\materials\effects\bulletsplash\bulletsplash.vmt"
"tf\materials\effects\bulletsplash\bulletsplash.sht"
"tf\materials\effects\splash_warpring1.vmt"
"tf\particles\stickybomb.pcf"
"tf\particles\buildingdamage.pcf"
"tf\particles\nailtrails.pcf"
"tf\scripts\vgui_screens.txt"
"tf\resource\clientscheme.res"
"tf\scripts\hudanimations_manifest.txt"
"hl2\scripts\hudanimations.txt"
"tf\scripts\hudanimations_tf.txt"
"tf\resource\ui\teammenu.res"
"tf\materials\vgui\ui_03_team.vmt"
"tf\materials\vgui\ui_03_team.vtf"
"tf\resource\ui\classmenu.res"
"tf\classes\scout.res"
"tf\classes\long_scout.txt"
"tf\classes\soldier.res"
"tf\classes\long_soldier.txt"
"tf\classes\pyro.res"
"tf\classes\long_pyro.txt"
"tf\classes\demoman.res"
"tf\classes\long_demoman.txt"
"tf\classes\hwguy.res"
"tf\classes\long_hwguy.txt"
"tf\classes\engineer.res"
"tf\classes\long_engineer.txt"
"tf\classes\medic.res"
"tf\classes\long_medic.txt"
"tf\classes\sniper.res"
"tf\classes\long_sniper.txt"
"tf\classes\spy.res"
"tf\classes\long_spy.txt"
"tf\classes\randompc.res"
"tf\resource\ui\introwindow.res"
"tf\resource\ui\scoreboard.res"
"tf\resource\ui\textwindow.res"
"tf\materials\vgui\ui_01_welcome.vmt"
"tf\materials\vgui\ui_01_welcome.vtf"
"tf\resource\spectatormenu.res"
"tf\resource\spectatormodes.res"
"tf\materials\sprites\minimap_icons\red_player.vmt"
"tf\materials\sprites\minimap_icons\red_player.vtf"
"tf\materials\sprites\minimap_icons\red_camera.vmt"
"tf\materials\sprites\minimap_icons\red_camera.vtf"
"tf\materials\sprites\minimap_icons\blue_player.vmt"
"tf\materials\sprites\minimap_icons\blue_player.vtf"
"tf\materials\sprites\minimap_icons\blue_camera.vmt"
"tf\materials\sprites\minimap_icons\blue_camera.vtf"
"hl2\materials\voice\icntlk_pl.vmt"
"hl2\materials\voice\icntlk_pl.vtf"
"tf\materials\sprites\minimap_icons\voiceicon.vmt"
"tf\materials\sprites\minimap_icons\voiceicon.vtf"
"tf\materials\hud\health_color.vmt"
"tf\materials\hud\health_color.vtf"
"tf\materials\hud\objectives_flagpanel_arrow.vmt"
"tf\materials\hud\objectives_flagpanel_arrow.vtf"
"tf\materials\hud\objectives_timepanel_progressbar.vmt"
"tf\materials\hud\objectives_timepanel_progressbar.vtf"
"tf\materials\vgui\damageindicator.vmt"
"tf\resource\buildinghudscheme.res"
"tf\materials\vgui\progress_bar.vmt"
"tf\materials\vgui\progress_bar.vtf"
"tf\materials\vgui\capture_icon.vmt"
"tf\materials\vgui\capture_icon.vtf"
"tf\resource\ui\hudcapturepanel.res"
"tf\materials\vgui\flag_neutral.vmt"
"tf\materials\vgui\flag_neutral.vtf"
"tf\materials\vgui\flag_red.vmt"
"tf\materials\vgui\flag_red.vtf"
"tf\materials\vgui\flag_blue.vmt"
"tf\materials\vgui\flag_blue.vtf"
"hl2\resource\closecaption_english.txt"
"hl2\resource\closecaption_english.dat"
"hl2\resource\chatscheme.res"
"tf\materials\hud\scope_sniper_ul.vmt"
"tf\materials\hud\scope_normal_ul.vtf"
"tf\materials\hud\scope_sniper_ul.vtf"
"hl2\shaders\fxc\refract_vs20.vcs"
"hl2\shaders\fxc\refract_ps20b.vcs"
"tf\materials\hud\scope_sniper_ur.vmt"
"tf\materials\hud\scope_sniper_lr.vmt"
"tf\materials\hud\scope_sniper_ll.vmt"
"tf\materials\hud\sniperscope_numbers.vmt"
"tf\materials\hud\sniperscope_numbers.vtf"
"tf\materials\hud\sniperscope_numbers2.vtf"
"hl2\shaders\fxc\unlittwotexture_vs20.vcs"
"hl2\shaders\fxc\unlittwotexture_ps20b.vcs"
"hl2\materials\vgui\hud\icon_commentary.vmt"
"tf\scripts\hudlayout.res"
"hl2\scripts\hud_textures.txt"
"tf\scripts\mod_textures.txt"
"hl2\materials\sprites\640hud3.vmt"
"hl2\materials\sprites\640hud3.vtf"
"hl2\materials\sprites\d_icons.vmt"
"hl2\materials\sprites\d_icons.vtf"
"hl2\materials\sprites\640hud8.vmt"
"hl2\materials\sprites\640hud8.vtf"
"hl2\materials\sprites\640hud9.vmt"
"hl2\materials\sprites\640hud9.vtf"
"tf\materials\sprites\arrow.vmt"
"tf\materials\sprites\arrow.vtf"
"hl2\materials\sprites\hud1.vmt"
"hl2\materials\sprites\hud1.vtf"
"hl2\materials\sprites\640hud5.vmt"
"hl2\materials\sprites\640hud5.vtf"
"hl2\materials\sprites\640hud6.vmt"
"hl2\materials\sprites\640hud6.vtf"
"hl2\materials\sprites\crosshairs.vmt"
"hl2\materials\sprites\crosshairs.vtf"
"hl2\materials\sprites\640hud4.vmt"
"hl2\materials\sprites\640hud4.vtf"
"tf\materials\sprites\640hud1.vmt"
"tf\materials\sprites\640hud1.vtf"
"hl2\materials\sprites\640hud2.vmt"
"hl2\materials\sprites\640hud2.vtf"
"hl2\materials\sprites\640hud7.vmt"
"hl2\materials\sprites\640hud7.vtf"
"hl2\materials\sprites\qi_center.vmt"
"hl2\materials\sprites\qi_center.vtf"
"hl2\materials\sprites\hud\v_crosshair2.vmt"
"hl2\materials\sprites\hud\v_crosshair2.vtf"
"hl2\materials\sprites\hud\v_crosshair1.vmt"
"hl2\materials\sprites\hud\v_crosshair1.vtf"
"tf\materials\vgui\white_additive.vmt"
"tf\materials\sprites\obj_sentrygun.vmt"
"tf\materials\sprites\obj_sentrygun.vtf"
"tf\materials\sprites\obj_dispenser.vmt"
"tf\materials\sprites\obj_dispenser.vtf"
"tf\materials\sprites\obj_teleporter_entrance.vmt"
"tf\materials\sprites\obj_teleporter_entrance.vtf"
"tf\materials\sprites\obj_teleporter_exit.vmt"
"tf\materials\sprites\obj_teleporter_exit.vtf"
"tf\materials\sprites\obj_detpack.vmt"
"tf\materials\sprites\obj_detpack.vtf"
"hl2\materials\voice\icntlk_local.vmt"
"hl2\materials\voice\icntlk_sv.vmt"
"hl2\materials\voice\icntlk_sv.vtf"
"tf\materials\hud\d_images.vmt"
"tf\materials\hud\d_images.vtf"
"tf\materials\hud\hud_obj_status_sentry_1.vmt"
"tf\materials\hud\hud_obj_status_sentry_1.vtf"
"tf\materials\hud\hud_obj_status_sentry_2.vmt"
"tf\materials\hud\hud_obj_status_sentry_2.vtf"
"tf\materials\hud\hud_obj_status_sentry_3.vmt"
"tf\materials\hud\hud_obj_status_sentry_3.vtf"
"tf\materials\hud\hud_obj_status_dispenser.vmt"
"tf\materials\hud\hud_obj_status_dispenser.vtf"
"tf\materials\hud\hud_obj_status_tele_entrance.vmt"
"tf\materials\hud\hud_obj_status_tele_entrance.vtf"
"tf\materials\hud\hud_obj_status_tele_exit.vmt"
"tf\materials\hud\hud_obj_status_tele_exit.vtf"
"tf\materials\hud\hud_obj_status_sapper.vmt"
"tf\materials\hud\hud_obj_status_sapper.vtf"
"tf\materials\hud\eng_status_area_tele_blue.vmt"
"tf\materials\hud\eng_status_area_tele_blue.vtf"
"tf\materials\hud\eng_status_area_tele_red.vmt"
"tf\materials\hud\eng_status_area_tele_red.vtf"
"tf\materials\hud\eng_status_area_sentry_blue.vmt"
"tf\materials\hud\eng_status_area_sentry_blue.vtf"
"tf\materials\hud\eng_status_area_sentry_red.vmt"
"tf\materials\hud\eng_status_area_sentry_red.vtf"
"tf\materials\vgui\progress_bar_pointer.vmt"
"tf\materials\vgui\progress_bar_pointer.vtf"
"tf\materials\vgui\progress_bar_pointer_left.vmt"
"tf\materials\vgui\progress_bar_pointer_left.vtf"
"tf\materials\vgui\progress_bar_pointer_right.vmt"
"tf\materials\vgui\progress_bar_pointer_right.vtf"
"hl2\materials\vgui\hud\icon_commentary.vtf"
"tf\resource\ui\mapinfomenu.res"
"tf\materials\vgui\ui_02_map.vmt"
"tf\materials\vgui\ui_02_map.vtf"
"tf\maps\default.txt"
"tf\resource\ui\hudplayerclass.res"
"tf\materials\vgui\..\hud\class_scoutred.vmt"
"tf\materials\hud\class_scoutred.vtf"
"tf\materials\vgui\..\hud\class_spyblack.vmt"
"tf\materials\hud\class_spyblack.vtf"
"tf\materials\vgui\..\hud\character_blue_bg.vmt"
"tf\materials\hud\gradient_blue.vtf"
"tf\materials\hud\class_bg_mask.vtf"
"tf\resource\ui\hudplayerhealth.res"
"tf\materials\vgui\..\hud\health_bg.vmt"
"tf\materials\hud\health_bg.vtf"
"tf\materials\vgui\..\hud\health_over_bg.vmt"
"tf\materials\hud\health_over_bg.vtf"
"tf\resource\ui\hudplayerstatus.res"
"tf\resource\ui\hudobjectiveflagpanel.res"
"tf\materials\vgui\..\hud\objectives_flagpanel_left_bg.vmt"
"tf\materials\hud\objectives_flagpanel_left_bg.vtf"
"tf\materials\vgui\..\hud\objectives_flagpanel_right_bg.vmt"
"tf\materials\hud\objectives_flagpanel_right_bg.vtf"
"tf\materials\vgui\..\hud\objectives_flagpanel_ring_bg.vmt"
"tf\materials\hud\objectives_flagpanel_ring_bg.vtf"
"tf\materials\vgui\..\hud\objectives_flagpanel_ring.vmt"
"tf\materials\hud\objectives_flagpanel_ring.vtf"
"tf\materials\vgui\..\hud\objectives_flagpanel_carried.vmt"
"tf\materials\hud\objectives_flagpanel_carried.vtf"
"tf\materials\vgui\..\hud\objectives_flagpanel_carried_outline.vmt"
"tf\materials\hud\objectives_flagpanel_carried_outline.vtf"
"tf\resource\ui\hudobjectivetimepanel.res"
"tf\materials\vgui\..\hud\objectives_timepanel_blue_bg.vmt"
"tf\materials\hud\clock_area_mask.vtf"
"tf\materials\vgui\..\hud\objectives_timepanel_progressbar.vmt"
"tf\resource\ui\hudobjectivestatus.res"
"tf\resource\ui\hudammoweapons.res"
"tf\materials\vgui\..\hud\ammo_blue_bg.vmt"
"tf\materials\hud\ammo_area_mask.vtf"
"tf\resource\ui\hudammostatus.res"
"tf\resource\ui\controlpointprogressbar.res"
"tf\materials\vgui\progress_bar_blu.vmt"
"tf\materials\vgui\progress_bar_blu.vtf"
"hl2\materials\decals\simpleshadow.vmt"
"hl2\materials\decals\rendershadow.vmt"
"hl2\materials\decals\rendermodelshadow.vmt"
"hl2\shaders\fxc\shadow_vs20.vcs"
"hl2\shaders\fxc\shadow_ps20b.vcs"
"hl2\shaders\vsh\shadowmodel.vcs"
"hl2\shaders\psh\shadowmodel.vcs"
"hl2\materials\engine\modulatesinglecolor.vmt"
"hl2\materials\particle\screenspace_fog.vmt"
"hl2\scripts\sentences.txt"
"hl2\sound\hl1\fvox\_comma.wav"
"hl2\sound\hl1\fvox\acquired.wav"
"hl2\sound\hl1\fvox\activated.wav"
"hl2\sound\hl1\fvox\ammo_depleted.wav"
"hl2\sound\hl1\fvox\antidote_shot.wav"
"hl2\sound\hl1\fvox\antitoxin_shot.wav"
"hl2\sound\hl1\fvox\armor_gone.wav"
"hl2\sound\hl1\fvox\automedic_on.wav"
"hl2\sound\hl1\fvox\beep.wav"
"hl2\sound\hl1\fvox\bell.wav"
"hl2\sound\hl1\fvox\bio_reading.wav"
"hl2\sound\hl1\fvox\biohazard_detected.wav"
"hl2\sound\hl1\fvox\bleeding_stopped.wav"
"hl2\sound\hl1\fvox\blip.wav"
"hl2\sound\hl1\fvox\blood_loss.wav"
"hl2\sound\hl1\fvox\blood_plasma.wav"
"hl2\sound\hl1\fvox\blood_toxins.wav"
"hl2\sound\hl1\fvox\boop.wav"
"hl2\sound\hl1\fvox\buzz.wav"
"hl2\sound\hl1\fvox\chemical_detected.wav"
"hl2\sound\hl1\fvox\deactivated.wav"
"hl2\sound\hl1\fvox\eighty.wav"
"hl2\sound\hl1\fvox\evacuate_area.wav"
"hl2\sound\hl1\fvox\fifteen.wav"
"hl2\sound\hl1\fvox\fifty.wav"
"hl2\sound\hl1\fvox\five.wav"
"hl2\sound\hl1\fvox\flatline.wav"
"hl2\sound\hl1\fvox\fourty.wav"
"hl2\sound\hl1\fvox\fuzz.wav"
"hl2\sound\hl1\fvox\health_critical.wav"
"hl2\sound\hl1\fvox\health_dropping.wav"
"hl2\sound\hl1\fvox\health_dropping2.wav"
"hl2\sound\hl1\fvox\heat_damage.wav"
"hl2\sound\hl1\fvox\hev_critical_fail.wav"
"hl2\sound\hl1\fvox\hev_damage.wav"
"hl2\sound\hl1\fvox\hev_general_fail.wav"
"hl2\sound\hl1\fvox\hev_shutdown.wav"
"hl2\sound\hl1\fvox\hiss.wav"
"hl2\sound\hl1\fvox\immediately.wav"
"hl2\sound\hl1\fvox\innsuficient_medical.wav"
"hl2\sound\hl1\fvox\internal_bleeding.wav"
"hl2\sound\hl1\fvox\major_fracture.wav"
"hl2\sound\hl1\fvox\major_lacerations.wav"
"hl2\sound\hl1\fvox\medical_repaired.wav"
"hl2\sound\hl1\fvox\minor_fracture.wav"
"hl2\sound\hl1\fvox\minor_lacerations.wav"
"hl2\sound\hl1\fvox\morphine_shot.wav"
"hl2\sound\hl1\fvox\near_death.wav"
"hl2\sound\hl1\fvox\ninety.wav"
"hl2\sound\hl1\fvox\onehundred.wav"
"hl2\sound\hl1\fvox\percent.wav"
"hl2\sound\hl1\fvox\power_below.wav"
"hl2\sound\hl1\fvox\power_level_is.wav"
"hl2\sound\hl1\fvox\power_restored.wav"
"hl2\sound\hl1\fvox\powermove_overload.wav"
"hl2\sound\hl1\fvox\radiation_detected.wav"
"hl2\sound\hl1\fvox\seek_medic.wav"
"hl2\sound\hl1\fvox\seventy.wav"
"hl2\sound\hl1\fvox\shock_damage.wav"
"hl2\sound\hl1\fvox\sixty.wav"
"hl2\sound\hl1\fvox\targetting_system.wav"
"hl2\sound\hl1\fvox\ten.wav"
"hl2\sound\hl1\fvox\thirty.wav"
"hl2\sound\hl1\fvox\torniquette_applied.wav"
"hl2\sound\hl1\fvox\twenty.wav"
"hl2\sound\hl1\fvox\voice_off.wav"
"hl2\sound\hl1\fvox\voice_on.wav"
"hl2\sound\hl1\fvox\warning.wav"
"hl2\sound\hl1\fvox\wound_sterilized.wav"
"hl2\sound\npc\combine_soldier\die1.wav"
"hl2\sound\npc\combine_soldier\die2.wav"
"hl2\sound\npc\combine_soldier\die3.wav"
"hl2\sound\npc\combine_soldier\pain1.wav"
"hl2\sound\npc\combine_soldier\pain2.wav"
"hl2\sound\npc\combine_soldier\pain3.wav"
"hl2\sound\npc\combine_soldier\vo\_comma.wav"
"hl2\sound\npc\combine_soldier\vo\_period.wav"
"hl2\sound\npc\combine_soldier\vo\administer.wav"
"hl2\sound\npc\combine_soldier\vo\affirmative.wav"
"hl2\sound\npc\combine_soldier\vo\affirmative2.wav"
"hl2\sound\npc\combine_soldier\vo\affirmativewegothimnow.wav"
"hl2\sound\npc\combine_soldier\vo\alert1.wav"
"hl2\sound\npc\combine_soldier\vo\anticitizenone.wav"
"hl2\sound\npc\combine_soldier\vo\antiseptic.wav"
"hl2\sound\npc\combine_soldier\vo\apex.wav"
"hl2\sound\npc\combine_soldier\vo\bearing.wav"
"hl2\sound\npc\combine_soldier\vo\blade.wav"
"hl2\sound\npc\combine_soldier\vo\bodypackholding.wav"
"hl2\sound\npc\combine_soldier\vo\boomer.wav"
"hl2\sound\npc\combine_soldier\vo\bouncerbouncer.wav"
"hl2\sound\npc\combine_soldier\vo\callcontactparasitics.wav"
"hl2\sound\npc\combine_soldier\vo\callcontacttarget1.wav"
"hl2\sound\npc\combine_soldier\vo\cleaned.wav"
"hl2\sound\npc\combine_soldier\vo\closing.wav"
"hl2\sound\npc\combine_soldier\vo\confirmsectornotsterile.wav"
"hl2\sound\npc\combine_soldier\vo\contact.wav"
"hl2\sound\npc\combine_soldier\vo\contactconfim.wav"
"hl2\sound\npc\combine_soldier\vo\contactconfirmprosecuting.wav"
"hl2\sound\npc\combine_soldier\vo\contained.wav"
"hl2\sound\npc\combine_soldier\vo\containmentproceeding.wav"
"hl2\sound\npc\combine_soldier\vo\copy.wav"
"hl2\sound\npc\combine_soldier\vo\copythat.wav"
"hl2\sound\npc\combine_soldier\vo\cover.wav"
"hl2\sound\npc\combine_soldier\vo\coverhurt.wav"
"hl2\sound\npc\combine_soldier\vo\coverme.wav"
"hl2\sound\npc\combine_soldier\vo\dagger.wav"
"hl2\sound\npc\combine_soldier\vo\dash.wav"
"hl2\sound\npc\combine_soldier\vo\degrees.wav"
"hl2\sound\npc\combine_soldier\vo\delivered.wav"
"hl2\sound\npc\combine_soldier\vo\designatetargetas.wav"
"hl2\sound\npc\combine_soldier\vo\displace.wav"
"hl2\sound\npc\combine_soldier\vo\displace2.wav"
"hl2\sound\npc\combine_soldier\vo\echo.wav"
"hl2\sound\npc\combine_soldier\vo\eight.wav"
"hl2\sound\npc\combine_soldier\vo\eighteen.wav"
"hl2\sound\npc\combine_soldier\vo\eighty.wav"
"hl2\sound\npc\combine_soldier\vo\eleven.wav"
"hl2\sound\npc\combine_soldier\vo\engagedincleanup.wav"
"hl2\sound\npc\combine_soldier\vo\engaging.wav"
"hl2\sound\npc\combine_soldier\vo\executingfullresponse.wav"
"hl2\sound\npc\combine_soldier\vo\extractoraway.wav"
"hl2\sound\npc\combine_soldier\vo\extractorislive.wav"
"hl2\sound\npc\combine_soldier\vo\fifteen.wav"
"hl2\sound\npc\combine_soldier\vo\fifty.wav"
"hl2\sound\npc\combine_soldier\vo\fist.wav"
"hl2\sound\npc\combine_soldier\vo\five.wav"
"hl2\sound\npc\combine_soldier\vo\fixsightlinesmovein.wav"
"hl2\sound\npc\combine_soldier\vo\flaredown.wav"
"hl2\sound\npc\combine_soldier\vo\flash.wav"
"hl2\sound\npc\combine_soldier\vo\flatline.wav"
"hl2\sound\npc\combine_soldier\vo\flush.wav"
"hl2\sound\npc\combine_soldier\vo\four.wav"
"hl2\sound\npc\combine_soldier\vo\fourteen.wav"
"hl2\sound\npc\combine_soldier\vo\fourty.wav"
"hl2\sound\npc\combine_soldier\vo\freeman3.wav"
"hl2\sound\npc\combine_soldier\vo\fullactive.wav"
"hl2\sound\npc\combine_soldier\vo\ghost.wav"
"hl2\sound\npc\combine_soldier\vo\ghost2.wav"
"hl2\sound\npc\combine_soldier\vo\goactiveintercept.wav"
"hl2\sound\npc\combine_soldier\vo\gosharp.wav"
"hl2\sound\npc\combine_soldier\vo\gosharpgosharp.wav"
"hl2\sound\npc\combine_soldier\vo\grid.wav"
"hl2\sound\npc\combine_soldier\vo\hammer.wav"
"hl2\sound\npc\combine_soldier\vo\hardenthatposition.wav"
"hl2\sound\npc\combine_soldier\vo\hasnegativemovement.wav"
"hl2\sound\npc\combine_soldier\vo\heavyresistance.wav"
"hl2\sound\npc\combine_soldier\vo\helix.wav"
"hl2\sound\npc\combine_soldier\vo\hunter.wav"
"hl2\sound\npc\combine_soldier\vo\hurricane.wav"
"hl2\sound\npc\combine_soldier\vo\ice.wav"
"hl2\sound\npc\combine_soldier\vo\inbound.wav"
"hl2\sound\npc\combine_soldier\vo\infected.wav"
"hl2\sound\npc\combine_soldier\vo\ion.wav"
"hl2\sound\npc\combine_soldier\vo\isatcode.wav"
"hl2\sound\npc\combine_soldier\vo\isfinalteamunitbackup.wav"
"hl2\sound\npc\combine_soldier\vo\isholdingatcode.wav"
"hl2\sound\npc\combine_soldier\vo\jet.wav"
"hl2\sound\npc\combine_soldier\vo\judge.wav"
"hl2\sound\npc\combine_soldier\vo\kilo.wav"
"hl2\sound\npc\combine_soldier\vo\leader.wav"
"hl2\sound\npc\combine_soldier\vo\lostcontact.wav"
"hl2\sound\npc\combine_soldier\vo\mace.wav"
"hl2\sound\npc\combine_soldier\vo\meters.wav"
"hl2\sound\npc\combine_soldier\vo\motioncheckallradials.wav"
"hl2\sound\npc\combine_soldier\vo\movein.wav"
"hl2\sound\npc\combine_soldier\vo\necrotics.wav"
"hl2\sound\npc\combine_soldier\vo\necroticsinbound.wav"
"hl2\sound\npc\combine_soldier\vo\niner.wav"
"hl2\sound\npc\combine_soldier\vo\nineteen.wav"
"hl2\sound\npc\combine_soldier\vo\ninety.wav"
"hl2\sound\npc\combine_soldier\vo\nomad.wav"
"hl2\sound\npc\combine_soldier\vo\nova.wav"
"hl2\sound\npc\combine_soldier\vo\noviscon.wav"
"hl2\sound\npc\combine_soldier\vo\off1.wav"
"hl2\sound\npc\combine_soldier\vo\off2.wav"
"hl2\sound\npc\combine_soldier\vo\off3.wav"
"hl2\sound\npc\combine_soldier\vo\on1.wav"
"hl2\sound\npc\combine_soldier\vo\on2.wav"
"hl2\sound\npc\combine_soldier\vo\one.wav"
"hl2\sound\npc\combine_soldier\vo\onedown.wav"
"hl2\sound\npc\combine_soldier\vo\onedutyvacated.wav"
"hl2\sound\npc\combine_soldier\vo\onehundred.wav"
"hl2\sound\npc\combine_soldier\vo\outbreak.wav"
"hl2\sound\npc\combine_soldier\vo\outbreakstatusiscode.wav"
"hl2\sound\npc\combine_soldier\vo\overwatch.wav"
"hl2\sound\npc\combine_soldier\vo\overwatchconfirmhvtcontained.wav"
"hl2\sound\npc\combine_soldier\vo\overwatchreportspossiblehostiles.wav"
"hl2\sound\npc\combine_soldier\vo\overwatchrequestreinforcement.wav"
"hl2\sound\npc\combine_soldier\vo\overwatchrequestreserveactivation.wav"
"hl2\sound\npc\combine_soldier\vo\overwatchrequestskyshield.wav"
"hl2\sound\npc\combine_soldier\vo\overwatchrequestwinder.wav"
"hl2\sound\npc\combine_soldier\vo\overwatchsectoroverrun.wav"
"hl2\sound\npc\combine_soldier\vo\overwatchtarget1sterilized.wav"
"hl2\sound\npc\combine_soldier\vo\overwatchtargetcontained.wav"
"hl2\sound\npc\combine_soldier\vo\overwatchteamisdown.wav"
"hl2\sound\npc\combine_soldier\vo\ovewatchorders3ccstimboost.wav"
"hl2\sound\npc\combine_soldier\vo\payback.wav"
"hl2\sound\npc\combine_soldier\vo\phantom.wav"
"hl2\sound\npc\combine_soldier\vo\prepforcontact.wav"
"hl2\sound\npc\combine_soldier\vo\priority1objective.wav"
"hl2\sound\npc\combine_soldier\vo\prioritytwoescapee.wav"
"hl2\sound\npc\combine_soldier\vo\prosecuting.wav"
"hl2\sound\npc\combine_soldier\vo\quicksand.wav"
"hl2\sound\npc\combine_soldier\vo\range.wav"
"hl2\sound\npc\combine_soldier\vo\ranger.wav"
"hl2\sound\npc\combine_soldier\vo\razor.wav"
"hl2\sound\npc\combine_soldier\vo\readycharges.wav"
"hl2\sound\npc\combine_soldier\vo\readyextractors.wav"
"hl2\sound\npc\combine_soldier\vo\readyweapons.wav"
"hl2\sound\npc\combine_soldier\vo\readyweaponshostilesinbound.wav"
"hl2\sound\npc\combine_soldier\vo\reaper.wav"
"hl2\sound\npc\combine_soldier\vo\reportallpositionsclear.wav"
"hl2\sound\npc\combine_soldier\vo\reportallradialsfree.wav"
"hl2\sound\npc\combine_soldier\vo\reportingclear.wav"
"hl2\sound\npc\combine_soldier\vo\requestmedical.wav"
"hl2\sound\npc\combine_soldier\vo\requeststimdose.wav"
"hl2\sound\npc\combine_soldier\vo\ripcord.wav"
"hl2\sound\npc\combine_soldier\vo\ripcordripcord.wav"
"hl2\sound\npc\combine_soldier\vo\savage.wav"
"hl2\sound\npc\combine_soldier\vo\scar.wav"
"hl2\sound\npc\combine_soldier\vo\sector.wav"
"hl2\sound\npc\combine_soldier\vo\sectorisnotsecure.wav"
"hl2\sound\npc\combine_soldier\vo\sectorissecurenovison.wav"
"hl2\sound\npc\combine_soldier\vo\secure.wav"
"hl2\sound\npc\combine_soldier\vo\seven.wav"
"hl2\sound\npc\combine_soldier\vo\seventeen.wav"
"hl2\sound\npc\combine_soldier\vo\seventy.wav"
"hl2\sound\npc\combine_soldier\vo\shadow.wav"
"hl2\sound\npc\combine_soldier\vo\sharpzone.wav"
"hl2\sound\npc\combine_soldier\vo\sightlineisclear.wav"
"hl2\sound\npc\combine_soldier\vo\six.wav"
"hl2\sound\npc\combine_soldier\vo\sixteen.wav"
"hl2\sound\npc\combine_soldier\vo\sixty.wav"
"hl2\sound\npc\combine_soldier\vo\skyshieldreportslostcontact.wav"
"hl2\sound\npc\combine_soldier\vo\slam.wav"
"hl2\sound\npc\combine_soldier\vo\slash.wav"
"hl2\sound\npc\combine_soldier\vo\spear.wav"
"hl2\sound\npc\combine_soldier\vo\stab.wav"
"hl2\sound\npc\combine_soldier\vo\stabilizationteamhassector.wav"
"hl2\sound\npc\combine_soldier\vo\stabilizationteamholding.wav"
"hl2\sound\npc\combine_soldier\vo\standingby].wav"
"hl2\sound\npc\combine_soldier\vo\star.wav"
"hl2\sound\npc\combine_soldier\vo\stayalert.wav"
"hl2\sound\npc\combine_soldier\vo\stayalertreportsightlines.wav"
"hl2\sound\npc\combine_soldier\vo\stinger.wav"
"hl2\sound\npc\combine_soldier\vo\storm.wav"
"hl2\sound\npc\combine_soldier\vo\striker.wav"
"hl2\sound\npc\combine_soldier\vo\sundown.wav"
"hl2\sound\npc\combine_soldier\vo\suppressing.wav"
"hl2\sound\npc\combine_soldier\vo\swarmoutbreakinsector.wav"
"hl2\sound\npc\combine_soldier\vo\sweeper.wav"
"hl2\sound\npc\combine_soldier\vo\sweepingin.wav"
"hl2\sound\npc\combine_soldier\vo\swift.wav"
"hl2\sound\npc\combine_soldier\vo\sword.wav"
"hl2\sound\npc\combine_soldier\vo\target.wav"
"hl2\sound\npc\combine_soldier\vo\targetblackout.wav"
"hl2\sound\npc\combine_soldier\vo\targetcompromisedmovein.wav"
"hl2\sound\npc\combine_soldier\vo\targetcontactat.wav"
"hl2\sound\npc\combine_soldier\vo\targetineffective.wav"
"hl2\sound\npc\combine_soldier\vo\targetisat.wav"
"hl2\sound\npc\combine_soldier\vo\targetmyradial.wav"
"hl2\sound\npc\combine_soldier\vo\targetone.wav"
"hl2\sound\npc\combine_soldier\vo\teamdeployedandscanning.wav"
"hl2\sound\npc\combine_soldier\vo\ten.wav"
"hl2\sound\npc\combine_soldier\vo\thatsitwrapitup.wav"
"hl2\sound\npc\combine_soldier\vo\thirteen.wav"
"hl2\sound\npc\combine_soldier\vo\thirty.wav"
"hl2\sound\npc\combine_soldier\vo\three.wav"
"hl2\sound\npc\combine_soldier\vo\threehundred.wav"
"hl2\sound\npc\combine_soldier\vo\tracker.wav"
"hl2\sound\npc\combine_soldier\vo\twelve.wav"
"hl2\sound\npc\combine_soldier\vo\twenty.wav"
"hl2\sound\npc\combine_soldier\vo\two.wav"
"hl2\sound\npc\combine_soldier\vo\twohundred.wav"
"hl2\sound\npc\combine_soldier\vo\uniform.wav"
"hl2\sound\npc\combine_soldier\vo\unitisclosing.wav"
"hl2\sound\npc\combine_soldier\vo\unitisinbound.wav"
"hl2\sound\npc\combine_soldier\vo\unitismovingin.wav"
"hl2\sound\npc\combine_soldier\vo\vamp.wav"
"hl2\sound\npc\combine_soldier\vo\viscon.wav"
"hl2\sound\npc\combine_soldier\vo\visualonexogens.wav"
"hl2\sound\npc\combine_soldier\vo\weaponsoffsafeprepforcontact.wav"
"hl2\sound\npc\combine_soldier\vo\weareinaninfestationzone.wav"
"hl2\sound\npc\combine_soldier\vo\wehavefreeparasites.wav"
"hl2\sound\npc\combine_soldier\vo\wehavenontaggedviromes.wav"
"hl2\sound\npc\combine_soldier\vo\winder.wav"
"hl2\sound\npc\combine_soldier\vo\zero.wav"
"hl2\sound\npc\metropolice\pain1.wav"
"hl2\sound\npc\metropolice\pain2.wav"
"hl2\sound\npc\metropolice\pain3.wav"
"hl2\sound\npc\metropolice\vo\11-99officerneedsassistance.wav"
"hl2\sound\npc\metropolice\vo\_comma.wav"
"hl2\sound\npc\metropolice\vo\acquiringonvisual.wav"
"hl2\sound\npc\metropolice\vo\administer.wav"
"hl2\sound\npc\metropolice\vo\affirmative.wav"
"hl2\sound\npc\metropolice\vo\affirmative2.wav"
"hl2\sound\npc\metropolice\vo\airwatchsubjectis505.wav"
"hl2\sound\npc\metropolice\vo\allunitsbol34sat.wav"
"hl2\sound\npc\metropolice\vo\allunitscloseonsuspect.wav"
"hl2\sound\npc\metropolice\vo\allunitscode2.wav"
"hl2\sound\npc\metropolice\vo\allunitsmaintainthiscp.wav"
"hl2\sound\npc\metropolice\vo\allunitsmovein.wav"
"hl2\sound\npc\metropolice\vo\allunitsreportlocationsuspect.wav"
"hl2\sound\npc\metropolice\vo\allunitsrespondcode3.wav"
"hl2\sound\npc\metropolice\vo\amputate.wav"
"hl2\sound\npc\metropolice\vo\anyonepickup647e.wav"
"hl2\sound\npc\metropolice\vo\apply.wav"
"hl2\sound\npc\metropolice\vo\assaultpointsecureadvance.wav"
"hl2\sound\npc\metropolice\vo\atcheckpoint.wav"
"hl2\sound\npc\metropolice\vo\backmeupimout.wav"
"hl2\sound\npc\metropolice\vo\backup.wav"
"hl2\sound\npc\metropolice\vo\blockisholdingcohesive.wav"
"hl2\sound\npc\metropolice\vo\breakhiscover.wav"
"hl2\sound\npc\metropolice\vo\bugs.wav"
"hl2\sound\npc\metropolice\vo\bugsontheloose.wav"
"hl2\sound\npc\metropolice\vo\catchthatbliponstabilization.wav"
"hl2\sound\npc\metropolice\vo\cauterize.wav"
"hl2\sound\npc\metropolice\vo\checkformiscount.wav"
"hl2\sound\npc\metropolice\vo\classifyasdbthisblockready.wav"
"hl2\sound\npc\metropolice\vo\clearandcode100.wav"
"hl2\sound\npc\metropolice\vo\clearno647no10-107.wav"
"hl2\sound\npc\metropolice\vo\code100.wav"
"hl2\sound\npc\metropolice\vo\code7.wav"
"hl2\sound\npc\metropolice\vo\confirmadw.wav"
"hl2\sound\npc\metropolice\vo\confirmpriority1sighted.wav"
"hl2\sound\npc\metropolice\vo\contactwith243suspect.wav"
"hl2\sound\npc\metropolice\vo\contactwithpriority2.wav"
"hl2\sound\npc\metropolice\vo\control100percent.wav"
"hl2\sound\npc\metropolice\vo\converging.wav"
"hl2\sound\npc\metropolice\vo\copy.wav"
"hl2\sound\npc\metropolice\vo\covermegoingin.wav"
"hl2\sound\npc\metropolice\vo\cpbolforthat243.wav"
"hl2\sound\npc\metropolice\vo\cpiscompromised.wav"
"hl2\sound\npc\metropolice\vo\cpisoverrunwehavenocontainment.wav"
"hl2\sound\npc\metropolice\vo\cprequestsallunitsreportin.wav"
"hl2\sound\npc\metropolice\vo\cpweneedtoestablishaperimeterat.wav"
"hl2\sound\npc\metropolice\vo\dbcountis.wav"
"hl2\sound\npc\metropolice\vo\defender.wav"
"hl2\sound\npc\metropolice\vo\designatesuspectas.wav"
"hl2\sound\npc\metropolice\vo\destroythatcover.wav"
"hl2\sound\npc\metropolice\vo\dismountinghardpoint.wav"
"hl2\sound\npc\metropolice\vo\dispatchineed10-78.wav"
"hl2\sound\npc\metropolice\vo\dispreportssuspectincursion.wav"
"hl2\sound\npc\metropolice\vo\dispupdatingapb.wav"
"hl2\sound\npc\metropolice\vo\document.wav"
"hl2\sound\npc\metropolice\vo\eight.wav"
"hl2\sound\npc\metropolice\vo\eighteen.wav"
"hl2\sound\npc\metropolice\vo\eighty.wav"
"hl2\sound\npc\metropolice\vo\eleven.wav"
"hl2\sound\npc\metropolice\vo\establishnewcp.wav"
"hl2\sound\npc\metropolice\vo\examine.wav"
"hl2\sound\npc\metropolice\vo\expired.wav"
"hl2\sound\npc\metropolice\vo\fifteen.wav"
"hl2\sound\npc\metropolice\vo\fifty.wav"
"hl2\sound\npc\metropolice\vo\finalverdictadministered.wav"
"hl2\sound\npc\metropolice\vo\finalwarning.wav"
"hl2\sound\npc\metropolice\vo\firetodislocateinterpose.wav"
"hl2\sound\npc\metropolice\vo\firingtoexposetarget.wav"
"hl2\sound\npc\metropolice\vo\firstwarningmove.wav"
"hl2\sound\npc\metropolice\vo\five.wav"
"hl2\sound\npc\metropolice\vo\four.wav"
"hl2\sound\npc\metropolice\vo\fourteen.wav"
"hl2\sound\npc\metropolice\vo\fourty.wav"
"hl2\sound\npc\metropolice\vo\freenecrotics.wav"
"hl2\sound\npc\metropolice\vo\get11-44inboundcleaningup.wav"
"hl2\sound\npc\metropolice\vo\getdown.wav"
"hl2\sound\npc\metropolice\vo\getoutofhere.wav"
"hl2\sound\npc\metropolice\vo\goingtotakealook.wav"
"hl2\sound\npc\metropolice\vo\gota10-107sendairwatch.wav"
"hl2\sound\npc\metropolice\vo\gotoneaccomplicehere.wav"
"hl2\sound\npc\metropolice\vo\grenade.wav"
"hl2\sound\npc\metropolice\vo\hardpointscanning.wav"
"hl2\sound\npc\metropolice\vo\help.wav"
"hl2\sound\npc\metropolice\vo\hero.wav"
"hl2\sound\npc\metropolice\vo\hesgone148.wav"
"hl2\sound\npc\metropolice\vo\hesrunning.wav"
"hl2\sound\npc\metropolice\vo\hesupthere.wav"
"hl2\sound\npc\metropolice\vo\hidinglastseenatrange.wav"
"hl2\sound\npc\metropolice\vo\holdingon10-14duty.wav"
"hl2\sound\npc\metropolice\vo\holditrightthere.wav"
"hl2\sound\npc\metropolice\vo\holdthisposition.wav"
"hl2\sound\npc\metropolice\vo\ihave10-30my10-20responding.wav"
"hl2\sound\npc\metropolice\vo\inject.wav"
"hl2\sound\npc\metropolice\vo\innoculate.wav"
"hl2\sound\npc\metropolice\vo\inposition.wav"
"hl2\sound\npc\metropolice\vo\inpositionathardpoint.wav"
"hl2\sound\npc\metropolice\vo\inpositiononeready.wav"
"hl2\sound\npc\metropolice\vo\intercede.wav"
"hl2\sound\npc\metropolice\vo\interlock.wav"
"hl2\sound\npc\metropolice\vo\investigate.wav"
"hl2\sound\npc\metropolice\vo\investigating10-103.wav"
"hl2\sound\npc\metropolice\vo\is10-108.wav"
"hl2\sound\npc\metropolice\vo\is415b.wav"
"hl2\sound\npc\metropolice\vo\isaidmovealong.wav"
"hl2\sound\npc\metropolice\vo\isathardpointreadytoprosecute.wav"
"hl2\sound\npc\metropolice\vo\isclosingonsuspect.wav"
"hl2\sound\npc\metropolice\vo\isdown.wav"
"hl2\sound\npc\metropolice\vo\isgo.wav"
"hl2\sound\npc\metropolice\vo\ismovingin.wav"
"hl2\sound\npc\metropolice\vo\isolate.wav"
"hl2\sound\npc\metropolice\vo\ispassive.wav"
"hl2\sound\npc\metropolice\vo\isreadytogo.wav"
"hl2\sound\npc\metropolice\vo\issuingmalcompliantcitation.wav"
"hl2\sound\npc\metropolice\vo\ivegot408hereatlocation.wav"
"hl2\sound\npc\metropolice\vo\jury.wav"
"hl2\sound\npc\metropolice\vo\keepmoving.wav"
"hl2\sound\npc\metropolice\vo\king.wav"
"hl2\sound\npc\metropolice\vo\level3civilprivacyviolator.wav"
"hl2\sound\npc\metropolice\vo\line.wav"
"hl2\sound\npc\metropolice\vo\localcptreportstatus.wav"
"hl2\sound\npc\metropolice\vo\location.wav"
"hl2\sound\npc\metropolice\vo\lock.wav"
"hl2\sound\npc\metropolice\vo\lockyourposition.wav"
"hl2\sound\npc\metropolice\vo\lookingfortrouble.wav"
"hl2\sound\npc\metropolice\vo\lookout.wav"
"hl2\sound\npc\metropolice\vo\lookoutrogueviscerator.wav"
"hl2\sound\npc\metropolice\vo\looseparasitics.wav"
"hl2\sound\npc\metropolice\vo\malcompliant10107my1020.wav"
"hl2\sound\npc\metropolice\vo\malignant.wav"
"hl2\sound\npc\metropolice\vo\matchonapblikeness.wav"
"hl2\sound\npc\metropolice\vo\meters.wav"
"hl2\sound\npc\metropolice\vo\minorhitscontinuing.wav"
"hl2\sound\npc\metropolice\vo\move.wav"
"hl2\sound\npc\metropolice\vo\movealong.wav"
"hl2\sound\npc\metropolice\vo\movealong3.wav"
"hl2\sound\npc\metropolice\vo\movebackrightnow.wav"
"hl2\sound\npc\metropolice\vo\moveit.wav"
"hl2\sound\npc\metropolice\vo\movetoarrestpositions.wav"
"hl2\sound\npc\metropolice\vo\movingtocover.wav"
"hl2\sound\npc\metropolice\vo\movingtohardpoint.wav"
"hl2\sound\npc\metropolice\vo\necrotics.wav"
"hl2\sound\npc\metropolice\vo\nine.wav"
"hl2\sound\npc\metropolice\vo\nineteen.wav"
"hl2\sound\npc\metropolice\vo\ninety.wav"
"hl2\sound\npc\metropolice\vo\nocontact.wav"
"hl2\sound\npc\metropolice\vo\non-taggedviromeshere.wav"
"hl2\sound\npc\metropolice\vo\noncitizen.wav"
"hl2\sound\npc\metropolice\vo\novisualonupi.wav"
"hl2\sound\npc\metropolice\vo\off1.wav"
"hl2\sound\npc\metropolice\vo\off2.wav"
"hl2\sound\npc\metropolice\vo\off3.wav"
"hl2\sound\npc\metropolice\vo\off4.wav"
"hl2\sound\npc\metropolice\vo\officerdowncode3tomy10-20.wav"
"hl2\sound\npc\metropolice\vo\officerdowniam10-99.wav"
"hl2\sound\npc\metropolice\vo\officerneedsassistance.wav"
"hl2\sound\npc\metropolice\vo\officerneedshelp.wav"
"hl2\sound\npc\metropolice\vo\officerunderfiretakingcover.wav"
"hl2\sound\npc\metropolice\vo\on1.wav"
"hl2\sound\npc\metropolice\vo\on2.wav"
"hl2\sound\npc\metropolice\vo\one.wav"
"hl2\sound\npc\metropolice\vo\onehundred.wav"
"hl2\sound\npc\metropolice\vo\outbreak.wav"
"hl2\sound\npc\metropolice\vo\outlandbioticinhere.wav"
"hl2\sound\npc\metropolice\vo\pacifying.wav"
"hl2\sound\npc\metropolice\vo\patrol.wav"
"hl2\sound\npc\metropolice\vo\pickingupnoncorplexindy.wav"
"hl2\sound\npc\metropolice\vo\positiontocontain.wav"
"hl2\sound\npc\metropolice\vo\possible10-103alerttagunits.wav"
"hl2\sound\npc\metropolice\vo\possible404here.wav"
"hl2\sound\npc\metropolice\vo\possible647erequestairwatch.wav"
"hl2\sound\npc\metropolice\vo\possiblelevel3civilprivacyviolator.wav"
"hl2\sound\npc\metropolice\vo\preparefor1015.wav"
"hl2\sound\npc\metropolice\vo\prepareforjudgement.wav"
"hl2\sound\npc\metropolice\vo\preparingtojudge10-107.wav"
"hl2\sound\npc\metropolice\vo\preserve.wav"
"hl2\sound\npc\metropolice\vo\pressure.wav"
"hl2\sound\npc\metropolice\vo\priority2anticitizenhere.wav"
"hl2\sound\npc\metropolice\vo\proceedtocheckpoints.wav"
"hl2\sound\npc\metropolice\vo\prosecute.wav"
"hl2\sound\npc\metropolice\vo\protectioncomplete.wav"
"hl2\sound\npc\metropolice\vo\ptatlocationreport.wav"
"hl2\sound\npc\metropolice\vo\ptgoagain.wav"
"hl2\sound\npc\metropolice\vo\quick.wav"
"hl2\sound\npc\metropolice\vo\readytoamputate.wav"
"hl2\sound\npc\metropolice\vo\readytojudge.wav"
"hl2\sound\npc\metropolice\vo\readytoprosecute.wav"
"hl2\sound\npc\metropolice\vo\readytoprosecutefinalwarning.wav"
"hl2\sound\npc\metropolice\vo\reportsightingsaccomplices.wav"
"hl2\sound\npc\metropolice\vo\requestsecondaryviscerator.wav"
"hl2\sound\npc\metropolice\vo\responding2.wav"
"hl2\sound\npc\metropolice\vo\restrict.wav"
"hl2\sound\npc\metropolice\vo\rodgerthat.wav"
"hl2\sound\npc\metropolice\vo\roller.wav"
"hl2\sound\npc\metropolice\vo\runninglowonverdicts.wav"
"hl2\sound\npc\metropolice\vo\search.wav"
"hl2\sound\npc\metropolice\vo\searchingforsuspect.wav"
"hl2\sound\npc\metropolice\vo\secondwarning.wav"
"hl2\sound\npc\metropolice\vo\sentencedelivered.wav"
"hl2\sound\npc\metropolice\vo\serve.wav"
"hl2\sound\npc\metropolice\vo\seven.wav"
"hl2\sound\npc\metropolice\vo\seventeen.wav"
"hl2\sound\npc\metropolice\vo\seventy.wav"
"hl2\sound\npc\metropolice\vo\shit.wav"
"hl2\sound\npc\metropolice\vo\shotsfiredhostilemalignants.wav"
"hl2\sound\npc\metropolice\vo\six.wav"
"hl2\sound\npc\metropolice\vo\sixteen.wav"
"hl2\sound\npc\metropolice\vo\sixty.wav"
"hl2\sound\npc\metropolice\vo\sterilize.wav"
"hl2\sound\npc\metropolice\vo\stick.wav"
"hl2\sound\npc\metropolice\vo\stillgetting647e.wav"
"hl2\sound\npc\metropolice\vo\subjectis505.wav"
"hl2\sound\npc\metropolice\vo\subjectisnowhighspeed.wav"
"hl2\sound\npc\metropolice\vo\supsecthasmovednowto.wav"
"hl2\sound\npc\metropolice\vo\suspect11-6my1020is.wav"
"hl2\sound\npc\metropolice\vo\suspectinstormrunoff.wav"
"hl2\sound\npc\metropolice\vo\suspectisbleeding.wav"
"hl2\sound\npc\metropolice\vo\suspectlocationunknown.wav"
"hl2\sound\npc\metropolice\vo\suspectusingrestrictedcanals.wav"
"hl2\sound\npc\metropolice\vo\suspend.wav"
"hl2\sound\npc\metropolice\vo\sweepingforsuspect.wav"
"hl2\sound\npc\metropolice\vo\tag10-91d.wav"
"hl2\sound\npc\metropolice\vo\tagonebug.wav"
"hl2\sound\npc\metropolice\vo\tagonenecrotic.wav"
"hl2\sound\npc\metropolice\vo\tagoneparasitic.wav"
"hl2\sound\npc\metropolice\vo\takecover.wav"
"hl2\sound\npc\metropolice\vo\tap.wav"
"hl2\sound\npc\metropolice\vo\teaminpositionadvance.wav"
"hl2\sound\npc\metropolice\vo\ten.wav"
"hl2\sound\npc\metropolice\vo\ten2.wav"
"hl2\sound\npc\metropolice\vo\ten4.wav"
"hl2\sound\npc\metropolice\vo\ten8standingby.wav"
"hl2\sound\npc\metropolice\vo\ten91dcountis.wav"
"hl2\sound\npc\metropolice\vo\ten97.wav"
"hl2\sound\npc\metropolice\vo\ten97suspectisgoa.wav"
"hl2\sound\npc\metropolice\vo\tenzerovisceratorishunting.wav"
"hl2\sound\npc\metropolice\vo\thatsagrenade.wav"
"hl2\sound\npc\metropolice\vo\therehegoeshesat.wav"
"hl2\sound\npc\metropolice\vo\thereheis.wav"
"hl2\sound\npc\metropolice\vo\thirteen.wav"
"hl2\sound\npc\metropolice\vo\thirty.wav"
"hl2\sound\npc\metropolice\vo\three.wav"
"hl2\sound\npc\metropolice\vo\threehundred.wav"
"hl2\sound\npc\metropolice\vo\twelve.wav"
"hl2\sound\npc\metropolice\vo\twenty.wav"
"hl2\sound\npc\metropolice\vo\two.wav"
"hl2\sound\npc\metropolice\vo\twohundred.wav"
"hl2\sound\npc\metropolice\vo\union.wav"
"hl2\sound\npc\metropolice\vo\unitis10-65.wav"
"hl2\sound\npc\metropolice\vo\unitis10-8standingby.wav"
"hl2\sound\npc\metropolice\vo\unitisonduty10-8.wav"
"hl2\sound\npc\metropolice\vo\utlsuspect.wav"
"hl2\sound\npc\metropolice\vo\utlthatsuspect.wav"
"hl2\sound\npc\metropolice\vo\vacatecitizen.wav"
"hl2\sound\npc\metropolice\vo\vice.wav"
"hl2\sound\npc\metropolice\vo\victor.wav"
"hl2\sound\npc\metropolice\vo\visceratordeployed.wav"
"hl2\sound\npc\metropolice\vo\visceratorisoc.wav"
"hl2\sound\npc\metropolice\vo\visceratorisoffgrid.wav"
"hl2\sound\npc\metropolice\vo\watchit.wav"
"hl2\sound\npc\metropolice\vo\wearesociostablethislocation.wav"
"hl2\sound\npc\metropolice\vo\wegotadbherecancel10-102.wav"
"hl2\sound\npc\metropolice\vo\wehavea10-108.wav"
"hl2\sound\npc\metropolice\vo\xray.wav"
"hl2\sound\npc\metropolice\vo\yellow.wav"
"hl2\sound\npc\metropolice\vo\youwantamalcomplianceverdict.wav"
"hl2\sound\npc\metropolice\vo\zero.wav"
"hl2\sound\npc\overwatch\radiovoice\_comma.wav"
"hl2\sound\npc\overwatch\radiovoice\accomplicesoperating.wav"
"hl2\sound\npc\overwatch\radiovoice\administer.wav"
"hl2\sound\npc\overwatch\radiovoice\airwatchcopiesnoactivity.wav"
"hl2\sound\npc\overwatch\radiovoice\airwatchreportspossiblemiscount.wav"
"hl2\sound\npc\overwatch\radiovoice\alarms62.wav"
"hl2\sound\npc\overwatch\radiovoice\allteamsrespondcode3.wav"
"hl2\sound\npc\overwatch\radiovoice\allunitsapplyforwardpressure.wav"
"hl2\sound\npc\overwatch\radiovoice\allunitsat.wav"
"hl2\sound\npc\overwatch\radiovoice\allunitsbeginwhitnesssterilization.wav"
"hl2\sound\npc\overwatch\radiovoice\allunitsbolfor243suspect.wav"
"hl2\sound\npc\overwatch\radiovoice\allunitsdeliverterminalverdict.wav"
"hl2\sound\npc\overwatch\radiovoice\allunitsreturntocode12.wav"
"hl2\sound\npc\overwatch\radiovoice\allunitsverdictcodeis.wav"
"hl2\sound\npc\overwatch\radiovoice\allunitsverdictcodeonsuspect.wav"
"hl2\sound\npc\overwatch\radiovoice\amputate.wav"
"hl2\sound\npc\overwatch\radiovoice\antifatigueration3mg.wav"
"hl2\sound\npc\overwatch\radiovoice\apply.wav"
"hl2\sound\npc\overwatch\radiovoice\assault243.wav"
"hl2\sound\npc\overwatch\radiovoice\attemptedcrime27.wav"
"hl2\sound\npc\overwatch\radiovoice\attention.wav"
"hl2\sound\npc\overwatch\radiovoice\attentionyouhavebeenchargedwith.wav"
"hl2\sound\npc\overwatch\radiovoice\beginscanning10-0.wav"
"hl2\sound\npc\overwatch\radiovoice\capitalmalcompliance.wav"
"hl2\sound\npc\overwatch\radiovoice\cauterize.wav"
"hl2\sound\npc\overwatch\radiovoice\completesentencingatwill.wav"
"hl2\sound\npc\overwatch\radiovoice\confirmupialert.wav"
"hl2\sound\npc\overwatch\radiovoice\criminaltrespass63.wav"
"hl2\sound\npc\overwatch\radiovoice\defender.wav"
"hl2\sound\npc\overwatch\radiovoice\destrutionofcpt.wav"
"hl2\sound\npc\overwatch\radiovoice\devisivesociocidal.wav"
"hl2\sound\npc\overwatch\radiovoice\die1.wav"
"hl2\sound\npc\overwatch\radiovoice\die2.wav"
"hl2\sound\npc\overwatch\radiovoice\die3.wav"
"hl2\sound\npc\overwatch\radiovoice\disassociationfromcivic.wav"
"hl2\sound\npc\overwatch\radiovoice\disengaged647e.wav"
"hl2\sound\npc\overwatch\radiovoice\disturbancemental10-103m.wav"
"hl2\sound\npc\overwatch\radiovoice\disturbingunity415.wav"
"hl2\sound\npc\overwatch\radiovoice\document.wav"
"hl2\sound\npc\overwatch\radiovoice\eight.wav"
"hl2\sound\npc\overwatch\radiovoice\engagingteamisnoncohesive.wav"
"hl2\sound\npc\overwatch\radiovoice\examine.wav"
"hl2\sound\npc\overwatch\radiovoice\failuretocomply.wav"
"hl2\sound\npc\overwatch\radiovoice\failuretotreatoutbreak.wav"
"hl2\sound\npc\overwatch\radiovoice\finalverdictadministered.wav"
"hl2\sound\npc\overwatch\radiovoice\five.wav"
"hl2\sound\npc\overwatch\radiovoice\four.wav"
"hl2\sound\npc\overwatch\radiovoice\fugitive17f.wav"
"hl2\sound\npc\overwatch\radiovoice\halfrankpoints.wav"
"hl2\sound\npc\overwatch\radiovoice\halfreproductioncredits.wav"
"hl2\sound\npc\overwatch\radiovoice\hero.wav"
"hl2\sound\npc\overwatch\radiovoice\illegalcarrying95.wav"
"hl2\sound\npc\overwatch\radiovoice\illegalinoperation63s.wav"
"hl2\sound\npc\overwatch\radiovoice\immediateamputation.wav"
"hl2\sound\npc\overwatch\radiovoice\incitingpopucide.wav"
"hl2\sound\npc\overwatch\radiovoice\inject.wav"
"hl2\sound\npc\overwatch\radiovoice\innoculate.wav"
"hl2\sound\npc\overwatch\radiovoice\inprogress.wav"
"hl2\sound\npc\overwatch\radiovoice\intercede.wav"
"hl2\sound\npc\overwatch\radiovoice\interlock.wav"
"hl2\sound\npc\overwatch\radiovoice\investigate.wav"
"hl2\sound\npc\overwatch\radiovoice\investigateandreport.wav"
"hl2\sound\npc\overwatch\radiovoice\isnow.wav"
"hl2\sound\npc\overwatch\radiovoice\isolate.wav"
"hl2\sound\npc\overwatch\radiovoice\jury.wav"
"hl2\sound\npc\overwatch\radiovoice\king.wav"
"hl2\sound\npc\overwatch\radiovoice\leadersreportratios.wav"
"hl2\sound\npc\overwatch\radiovoice\level5anticivilactivity.wav"
"hl2\sound\npc\overwatch\radiovoice\line.wav"
"hl2\sound\npc\overwatch\radiovoice\lock.wav"
"hl2\sound\npc\overwatch\radiovoice\lockdownlocationsacrificecode.wav"
"hl2\sound\npc\overwatch\radiovoice\lostbiosignalforunit.wav"
"hl2\sound\npc\overwatch\radiovoice\nine.wav"
"hl2\sound\npc\overwatch\radiovoice\nonsanctionedarson51.wav"
"hl2\sound\npc\overwatch\radiovoice\off2.wav"
"hl2\sound\npc\overwatch\radiovoice\off4.wav"
"hl2\sound\npc\overwatch\radiovoice\officerat.wav"
"hl2\sound\npc\overwatch\radiovoice\officerclosingonsuspect.wav"
"hl2\sound\npc\overwatch\radiovoice\on1.wav"
"hl2\sound\npc\overwatch\radiovoice\on3.wav"
"hl2\sound\npc\overwatch\radiovoice\one.wav"
"hl2\sound\npc\overwatch\radiovoice\patrol.wav"
"hl2\sound\npc\overwatch\radiovoice\permanentoffworld.wav"
"hl2\sound\npc\overwatch\radiovoice\politistablizationmarginal.wav"
"hl2\sound\npc\overwatch\radiovoice\posession69.wav"
"hl2\sound\npc\overwatch\radiovoice\prematuremissiontermination.wav"
"hl2\sound\npc\overwatch\radiovoice\prepareforfinalsentencing.wav"
"hl2\sound\npc\overwatch\radiovoice\preparetoinnoculate.wav"
"hl2\sound\npc\overwatch\radiovoice\preparetoreceiveverdict.wav"
"hl2\sound\npc\overwatch\radiovoice\preparevisualdownload.wav"
"hl2\sound\npc\overwatch\radiovoice\preserve.wav"
"hl2\sound\npc\overwatch\radiovoice\pressure.wav"
"hl2\sound\npc\overwatch\radiovoice\promotingcommunalunrest.wav"
"hl2\sound\npc\overwatch\radiovoice\prosecute.wav"
"hl2\sound\npc\overwatch\radiovoice\publicnoncompliance507.wav"
"hl2\sound\npc\overwatch\radiovoice\quick.wav"
"hl2\sound\npc\overwatch\radiovoice\recalibratesocioscan.wav"
"hl2\sound\npc\overwatch\radiovoice\recievingconflictingdata.wav"
"hl2\sound\npc\overwatch\radiovoice\recklessoperation99.wav"
"hl2\sound\npc\overwatch\radiovoice\reinforcementteamscode3.wav"
"hl2\sound\npc\overwatch\radiovoice\remainingunitscontain.wav"
"hl2\sound\npc\overwatch\radiovoice\reminder100credits.wav"
"hl2\sound\npc\overwatch\radiovoice\remindermemoryreplacement.wav"
"hl2\sound\npc\overwatch\radiovoice\reporton.wav"
"hl2\sound\npc\overwatch\radiovoice\reportplease.wav"
"hl2\sound\npc\overwatch\radiovoice\resistingpacification148.wav"
"hl2\sound\npc\overwatch\radiovoice\respond.wav"
"hl2\sound\npc\overwatch\radiovoice\restrict.wav"
"hl2\sound\npc\overwatch\radiovoice\restrictedincursioninprogress.wav"
"hl2\sound\npc\overwatch\radiovoice\rewardnotice.wav"
"hl2\sound\npc\overwatch\radiovoice\riot404.wav"
"hl2\sound\npc\overwatch\radiovoice\roller.wav"
"hl2\sound\npc\overwatch\radiovoice\search.wav"
"hl2\sound\npc\overwatch\radiovoice\serve.wav"
"hl2\sound\npc\overwatch\radiovoice\seven.wav"
"hl2\sound\npc\overwatch\radiovoice\six.wav"
"hl2\sound\npc\overwatch\radiovoice\socialfractureinprogress.wav"
"hl2\sound\npc\overwatch\radiovoice\sociostabilizationrestored.wav"
"hl2\sound\npc\overwatch\radiovoice\statuson243suspect.wav"
"hl2\sound\npc\overwatch\radiovoice\sterilize.wav"
"hl2\sound\npc\overwatch\radiovoice\stick.wav"
"hl2\sound\npc\overwatch\radiovoice\suspectisnow187.wav"
"hl2\sound\npc\overwatch\radiovoice\suspectmalignantverdictcodeis.wav"
"hl2\sound\npc\overwatch\radiovoice\suspend.wav"
"hl2\sound\npc\overwatch\radiovoice\suspendnegotiations.wav"
"hl2\sound\npc\overwatch\radiovoice\switchcomtotac3.wav"
"hl2\sound\npc\overwatch\radiovoice\switchtotac5reporttocp.wav"
"hl2\sound\npc\overwatch\radiovoice\tap.wav"
"hl2\sound\npc\overwatch\radiovoice\teamsreportstatus.wav"
"hl2\sound\npc\overwatch\radiovoice\terminalprosecution.wav"
"hl2\sound\npc\overwatch\radiovoice\threattoproperty51b.wav"
"hl2\sound\npc\overwatch\radiovoice\three.wav"
"hl2\sound\npc\overwatch\radiovoice\two.wav"
"hl2\sound\npc\overwatch\radiovoice\union.wav"
"hl2\sound\npc\overwatch\radiovoice\unitdeserviced.wav"
"hl2\sound\npc\overwatch\radiovoice\unitdownat.wav"
"hl2\sound\npc\overwatch\radiovoice\unlawfulentry603.wav"
"hl2\sound\npc\overwatch\radiovoice\vice.wav"
"hl2\sound\npc\overwatch\radiovoice\victor.wav"
"hl2\sound\npc\overwatch\radiovoice\violationofcivictrust.wav"
"hl2\sound\npc\overwatch\radiovoice\weapon94.wav"
"hl2\sound\npc\overwatch\radiovoice\xray.wav"
"hl2\sound\npc\overwatch\radiovoice\yellow.wav"
"hl2\sound\npc\overwatch\radiovoice\youarechargedwithterminal.wav"
"hl2\sound\npc\overwatch\radiovoice\youarejudgedguilty.wav"
"hl2\sound\npc\overwatch\radiovoice\zero.wav"
"tf\scripts\soundmixers.txt"
"hl2\scripts\dsp_presets.txt"
"tf\steam.inf"
"tf\maplist.txt"
"tf\maps\cp_badlands.bsp"
"tf\maps\cp_bridge.bsp"
"tf\maps\cp_dustbowl.bsp"
"tf\maps\cp_granary.bsp"
"tf\maps\cp_well.bsp"
"tf\maps\ctf_2fort.bsp"
"tf\maps\tc_test.bsp"
"hl2\cfg\valve.rc"
"tf\materials\console\background01.vmt"
"hl2\materials\console\startup_loading.vmt"
"tf\sound\ui\gamestartup3.mp3"
"platform\steam\games\platformmenu.vdf"
"platform\friends\trackerui_english.txt"
"platform\servers\serverbrowser_english.txt"
"hl2\materials\vgui\friends\icon_away.vmt"
"hl2\materials\vgui\friends\icon_away.vtf"
"hl2\materials\vgui\friends\icon_busy.vmt"
"hl2\materials\vgui\friends\icon_busy.vtf"
"hl2\materials\vgui\friends\icon_snooze.vmt"
"hl2\materials\vgui\friends\icon_snooze.vtf"
"platform\friends\friendsdialog.res"
"platform\config\serverbrowser.vdf"
"platform\steam\games\clientgameinfo.vdf"
"platform\servers\internetgamespage.res"
"platform\config\masterservers.vdf"
"platform\servers\regions.vdf"
"hl2\materials\vgui\servers\icon_password.vmt"
"hl2\materials\vgui\servers\icon_password.vtf"
"hl2\materials\vgui\servers\icon_bots.vmt"
"hl2\materials\vgui\servers\icon_bots.vtf"
"hl2\materials\vgui\servers\icon_robotron.vmt"
"hl2\materials\vgui\servers\icon_robotron_column.vtf"
"hl2\materials\vgui\servers\icon_secure_deny.vmt"
"hl2\materials\vgui\servers\icon_secure_deny.vtf"
"hl2\materials\vgui\servers\icon_password_column.vmt"
"hl2\materials\vgui\servers\icon_password_column.vtf"
"hl2\materials\vgui\servers\icon_bots_column.vmt"
"hl2\materials\vgui\servers\icon_bots_column.vtf"
"hl2\materials\vgui\servers\icon_robotron_column.vmt"
"platform\servers\dialogserverbrowser.res"
"tf\reslists\engine.lst"
"tf\reslists\all.lst"
"tf\reslists\cp_badlands.lst"
"tf\reslists\engine.lst"
"tf\reslists\all.lst"
"tf\reslists\cp_bridge.lst"
"tf\reslists\engine.lst"
"tf\reslists\all.lst"
"tf\reslists\cp_dustbowl.lst"
"tf\reslists\engine.lst"
"tf\reslists\all.lst"
"tf\reslists\cp_granary.lst"
"tf\reslists\engine.lst"
"tf\reslists\all.lst"
"tf\reslists\cp_well.lst"
"tf\reslists\engine.lst"
"tf\reslists\all.lst"
"tf\reslists\ctf_2fort.lst"
"tf\reslists\engine.lst"
"tf\reslists\all.lst"
"tf\reslists\tc_test.lst"
